// Jest Snapshot v1, https://goo.gl/fbAQLP

exports[`<Footer /> Should match Snapshot 1`] = `ShallowWrapper {}`;
